# Abyss-9 rig layout, 44x34 tiles.
#
# ground legend:
#   # wall_hull      W wall_window   A wall_alarm     V vent
#   . floor_grate    , floor_tile    : floor_concrete ~ floor_wet
#   ! floor_restricted               o moonpool
#   D door_closed    H hatch_closed
#
# props legend:
#   . nothing        b bunk          l locker         t workbench
#   c console        x crate         T table          h chair
#   L lamp           g conditioning_rig               e technical_terminal
#   p pressure_chamber               m market_crate   d drive_component
#   G hangar_door    = pipe_horizontal               | pipe_vertical

name = Abyss-9
width = 44
height = 34

[ground]
####W####W#########W#########W####W#########
#,,,,,,,,,,,,,#,,,,,,,,,,,,,,#,,,,,,,,,,,,,#
#,,,,,,,,,,,,,#,,,,,,,,,,,,,,#,,,,,,,,,,,,,#
W,,,,,,,,,,,,,#,,,,,,,,,,,,,,#,,,,,,,,,,,,,W
#,,,,,,,,,,,,,#,,,,,,,,,,,,,,#,,,,,,,,,,,,,#
#,,,,,,,,,,,,,#,,,,,,,,,,,,,,#,,,,,,,,,,,,,#
W,,,,,,,,,,,,,#,,,,,,,,,,,,,,#,,,,,,,,,,,,,W
#,,,,,,,,,,,,,#,,,,,,,,,,,,,,#,,,,,,,,,,,,,#
#,,,,,,,,,,,,,#,,,,,,,,,,,,,,#,,,,,,,,,,,,,#
#######D#############D##############D#######
#..........................................#
#.V........................................#
#..........................................#
#######D#############D##############H#######
#:::::::::::::#..............#!!!!!!!!!!!!!#
#:::::::::::::#..............#!!!!!!!!!!!!!#
#:::::::::::::#..............V!!!!!!!!!!!!!#
W:::::::::::::#..............#!!!!!!!######W
#:::::::::::::#..............#!!!!!!!#,,,,,#
#:::::::::::::#..............#!!!!!!!H,,,,,#
W:::::::::::::#..............#!!!!!!!#,,,,,W
#:::::::::::::#..............#!!!!!!!#,,,,,#
#######D#############D##############D#######
#..........................................#
#........................................V.#
#..........................................#
#########H##############D############D######
#:::::::::::::::::#~~~~~~~~~~~~#:::::::::::#
#:::::::::::::::::#~~oooooooo~~#:::::::::::#
W:::::::::::::::::#~~oooooooo~~#:::::::::::W
#:::::::::::::::::#~~oooooooo~~#:::::::::::#
#:::::::::::::::::#~~oooooooo~~#:::::::::::#
#:::::::::::::::::#~~~~~~~~~~~~#:::::::::::#
####W####W#########W#########W####W#########

[props]
............................................
.bl.bl.bl.bl........L.........b.b.b.b.......
................T.T.T.T.T...................
................h.h.h.h.h...................
.T.h..........................c.........d.L.
............L...............................
................T.T.T.T.T...................
................h.h.h.h.h.....x.x...........
.bl.bl...bl....m............................
............................................
...L......L......L......L......L......L.....
............................................
.======.=============.==============.======.
............................................
.....................L......................
.g...e...p.d..................c.c..l.l......
............................................
............L...............................
..............................x.x...........
.g...e...p..................................
...............c..............t...........L.
............................................
............................................
....L.......L.......L.......L.......L.......
....................d.......................
............................................
............................................
................L|.x..........x...........L.
.d..x..t........d|..............t.dx..d.....
.................G..........................
.x..td.x......d..|..............xd.td.x.....
.................|..........................
.................|.x..........x.............
............................................

[spawn]
player = 2,2

# zone = x,y,width,height,kind
[zones]
solitary = 38,18,5,4,solitary
bunk_pods = 1,1,13,8,quarters
galley = 15,1,14,8,galley
infirmary = 30,1,13,8,infirmary
training_bay = 1,14,13,8,training
muster_deck = 15,14,14,8,muster
security_office = 30,14,13,8,restricted
hangar = 1,27,17,6,restricted
moon_pool = 19,27,12,6,moonpool
workshop = 32,27,11,6,workshop

# patrol = x,y x,y ...  officers walk the list, then back along it
[patrols]
main_corridor = 3,11 40,11
lower_corridor = 40,24 3,24
security_office = 31,16 36,16 36,20 31,20
upper_rounds = 5,4 21,4 36,4 21,11

# x,y = item id  (drawn with the 'd' prop)
[items]
1,28 = drive_housing
14,30 = drive_impeller
16,28 = drive_core
5,30 = torch_fuel
34,28 = scrap_metal
36,30 = scrap_metal
38,28 = wrench
20,24 = scrap_metal
40,4 = blank_docket
33,30 = keycard
11,15 = oxygen_bottle
